<?xml version="1.0" encoding="UTF-8"?>
<TestRun id="d7d654f2-549d-4b4f-b5b5-1f5851fc72ef" name="Ruslan@RUSLAN-PC 2009-11-11 12:49:16" runUser="Ruslan-PC\Ruslan" xmlns="http://microsoft.com/schemas/VisualStudio/TeamTest/2006">
  <TestRunConfiguration name="Local Test Run" id="b3a46757-5465-4564-a900-16ee29caaa40">
    <Description>This is a default test run configuration for a local test run.</Description>
    <Deployment runDeploymentRoot="C:\Users\Ruslan\Documents\Visual Studio 2008\Projects\PokerSimulation\TestResults\Ruslan_RUSLAN-PC 2009-11-11 12_49_16">
      <DeploymentItem filename="C:\Users\Ruslan\Documents\Visual Studio 2008\Projects\PokerSimulation\PokerSimulation\bin\Debug\PokerSimulation.exe" />
    </Deployment>
    <TestTypeSpecific />
  </TestRunConfiguration>
  <ResultSummary outcome="Completed">
    <Counters total="1" executed="1" passed="1" error="0" failed="0" timeout="0" aborted="0" inconclusive="0" passedButRunAborted="0" notRunnable="0" notExecuted="0" disconnected="0" warning="0" completed="0" inProgress="0" pending="0" />
  </ResultSummary>
  <Times creation="2009-11-11T12:49:16.8076172-05:00" queuing="2009-11-11T12:49:17.3037110-05:00" start="2009-11-11T12:49:17.5566406-05:00" finish="2009-11-11T12:49:18.0996094-05:00" />
  <TestDefinitions>
    <UnitTest name="DealCardTest" storage="c:\users\ruslan\documents\visual studio 2008\projects\pokersimulation\testpokersimulation\bin\debug\testpokersimulation.dll" id="4f3400b0-feaf-8aaf-cbac-a928f33d95db">
      <Css projectStructure="" iteration="" />
      <Owners>
        <Owner name="" />
      </Owners>
      <Execution id="161e11a7-5e7c-496f-92f9-99f2c24ccc8b" />
      <TestMethod codeBase="C:\Users\Ruslan\Documents\Visual Studio 2008\Projects\PokerSimulation\TestPokerSimulation\bin\Debug\TestPokerSimulation.dll" adapterTypeName="Microsoft.VisualStudio.TestTools.TestTypes.Unit.UnitTestAdapter, Microsoft.VisualStudio.QualityTools.Tips.UnitTest.Adapter, Version=9.0.0.0, Culture=neutral, PublicKeyToken=b03f5f7f11d50a3a" className="TestProjectPokerSimulation.DeckTest, TestPokerSimulation" name="DealCardTest" />
    </UnitTest>
  </TestDefinitions>
  <TestLists>
    <TestList name="Results Not in a List" id="8c84fa94-04c1-424b-9868-57a2d4851a1d" />
    <TestList name="All Loaded Results" id="19431567-8539-422a-85d7-44ee4e166bda" />
  </TestLists>
  <TestEntries>
    <TestEntry testId="4f3400b0-feaf-8aaf-cbac-a928f33d95db" executionId="161e11a7-5e7c-496f-92f9-99f2c24ccc8b" testListId="8c84fa94-04c1-424b-9868-57a2d4851a1d" />
  </TestEntries>
  <Results>
    <UnitTestResult executionId="161e11a7-5e7c-496f-92f9-99f2c24ccc8b" testId="4f3400b0-feaf-8aaf-cbac-a928f33d95db" testName="DealCardTest" computerName="RUSLAN-PC" duration="00:00:00.1093155" startTime="2009-11-11T12:49:17.6386719-05:00" endTime="2009-11-11T12:49:17.9267578-05:00" testType="13cdc9d9-ddb5-4fa4-a97d-d965ccfc6d4b" outcome="Passed" testListId="8c84fa94-04c1-424b-9868-57a2d4851a1d">
      <Output>
      </Output>
    </UnitTestResult>
  </Results>
</TestRun>