<?xml version="1.0" encoding="UTF-8"?>
<TestRun id="42a687b5-cb1c-4aa0-bd7b-10bcf8c1c19c" name="John@JOHN-B1D40150DD 2009-09-03 01:33:06" runUser="JOHN-B1D40150DD\John" xmlns="http://microsoft.com/schemas/VisualStudio/TeamTest/2006">
  <TestRunConfiguration name="Local Test Run" id="ed059666-6410-4ffd-886b-fa389ceac4c3">
    <Description>This is a default test run configuration for a local test run.</Description>
    <Deployment runDeploymentRoot="C:\Documents and Settings\John\My Documents\Visual Studio 2008\Projects\PokerSimLib4911\TestResults\John_JOHN-B1D40150DD 2009-09-03 01_33_06">
      <DeploymentItem filename="C:\Documents and Settings\John\My Documents\Visual Studio 2008\Projects\PokerSimLib4911\PokerSimLib4911\bin\Debug\PokerSimLib4911.dll" />
    </Deployment>
    <TestTypeSpecific />
  </TestRunConfiguration>
  <ResultSummary outcome="Failed">
    <Counters total="1" executed="1" error="0" failed="1" timeout="0" aborted="0" inconclusive="0" passedButRunAborted="0" notRunnable="0" notExecuted="0" disconnected="0" warning="0" passed="0" completed="0" inProgress="0" pending="0" />
  </ResultSummary>
  <Times creation="2009-09-03T01:33:06.7656250-04:00" queuing="2009-09-03T01:33:08.4218750-04:00" start="2009-09-03T01:33:08.7968750-04:00" finish="2009-09-03T01:33:20.6562500-04:00" />
  <TestDefinitions>
    <UnitTest name="DeckConstructorTest" storage="c:\documents and settings\john\my documents\visual studio 2008\projects\pokersimlib4911\testprojectpokersimlib4911\bin\debug\testprojectpokersimlib4911.dll" id="1e00fb0b-192b-f5ea-dc57-e29ed74ab224">
      <Css projectStructure="" iteration="" />
      <Owners>
        <Owner name="" />
      </Owners>
      <Execution id="683efdd3-72ab-4b21-9830-3067081c2c9a" />
      <TestMethod codeBase="C:\Documents and Settings\John\My Documents\Visual Studio 2008\Projects\PokerSimLib4911\TestProjectPokerSimLib4911\bin\Debug\TestProjectPokerSimLib4911.dll" adapterTypeName="Microsoft.VisualStudio.TestTools.TestTypes.Unit.UnitTestAdapter, Microsoft.VisualStudio.QualityTools.Tips.UnitTest.Adapter, Version=9.0.0.0, Culture=neutral, PublicKeyToken=b03f5f7f11d50a3a" className="TestProjectPokerSimLib4911.DeckTest, TestProjectPokerSimLib4911" name="DeckConstructorTest" />
    </UnitTest>
  </TestDefinitions>
  <TestLists>
    <TestList name="Results Not in a List" id="8c84fa94-04c1-424b-9868-57a2d4851a1d" />
    <TestList name="All Loaded Results" id="19431567-8539-422a-85d7-44ee4e166bda" />
  </TestLists>
  <TestEntries>
    <TestEntry testId="1e00fb0b-192b-f5ea-dc57-e29ed74ab224" executionId="683efdd3-72ab-4b21-9830-3067081c2c9a" testListId="8c84fa94-04c1-424b-9868-57a2d4851a1d" />
  </TestEntries>
  <Results>
    <UnitTestResult executionId="683efdd3-72ab-4b21-9830-3067081c2c9a" testId="1e00fb0b-192b-f5ea-dc57-e29ed74ab224" testName="DeckConstructorTest" computerName="JOHN-B1D40150DD" duration="00:00:11.0147080" startTime="2009-09-03T01:33:09.0312500-04:00" endTime="2009-09-03T01:33:20.5312500-04:00" testType="13cdc9d9-ddb5-4fa4-a97d-d965ccfc6d4b" outcome="Failed" testListId="8c84fa94-04c1-424b-9868-57a2d4851a1d">
      <Output>
        <ErrorInfo>
          <Message>Test method TestProjectPokerSimLib4911.DeckTest.DeckConstructorTest threw exception:  System.NullReferenceException: Object reference not set to an instance of an object..</Message>
          <StackTrace>    at PokerSimLib4911.Deck..ctor() in C:\Documents and Settings\John\My Documents\Visual Studio 2008\Projects\PokerSimLib4911\PokerSimLib4911\Deck.cs:line 20
   at TestProjectPokerSimLib4911.DeckTest.DeckConstructorTest() in C:\Documents and Settings\John\My Documents\Visual Studio 2008\Projects\PokerSimLib4911\TestProjectPokerSimLib4911\DeckTest.cs:line 71
</StackTrace>
        </ErrorInfo>
      </Output>
    </UnitTestResult>
  </Results>
</TestRun>